small-hint size=2048 newline='\n' encoding=utf-8 hint=1: 0.015697s
small-hint size=2048 newline='\n' encoding=utf-8 hint=32: 0.001111s
small-hint size=2048 newline='\n' encoding=utf-8 hint=-1: 0.000081s
small-hint size=4096 newline='\n' encoding=utf-8 hint=1: 0.063876s
small-hint size=4096 newline='\n' encoding=utf-8 hint=32: 0.004001s
small-hint size=4096 newline='\n' encoding=utf-8 hint=-1: 0.000158s
small-hint size=8192 newline='\n' encoding=utf-8 hint=1: 0.246460s
small-hint size=8192 newline='\n' encoding=utf-8 hint=32: 0.015195s
small-hint size=8192 newline='\n' encoding=utf-8 hint=-1: 0.000226s
small-hint size=16384 newline='\n' encoding=utf-8 hint=1: 0.920040s
small-hint size=16384 newline='\n' encoding=utf-8 hint=32: 0.064885s
small-hint size=16384 newline='\n' encoding=utf-8 hint=-1: 0.000483s
small-hint size=32768 newline='\n' encoding=utf-8 hint=1: 3.857365s
small-hint size=32768 newline='\n' encoding=utf-8 hint=32: 0.233971s
small-hint size=32768 newline='\n' encoding=utf-8 hint=-1: 0.000842s
long-line size=1 newline=None encoding=utf-8 hint=None: 0.001911s
long-line size=1 newline='' encoding=utf-8 hint=None: 0.002435s
long-line size=1 newline='\n' encoding=utf-8 hint=None: 0.001856s
long-line size=1 newline='\r' encoding=utf-8 hint=None: 0.002032s
long-line size=1 newline='\r\n' encoding=utf-8 hint=None: 0.002595s
long-line size=1 newline=None encoding=iso2022_jp hint=None: 0.006839s
long-line size=1 newline='' encoding=iso2022_jp hint=None: 0.007802s
long-line size=1 newline='\n' encoding=iso2022_jp hint=None: 0.005963s
long-line size=1 newline='\r' encoding=iso2022_jp hint=None: 0.006501s
long-line size=1 newline='\r\n' encoding=iso2022_jp hint=None: 0.008000s
long-line size=2 newline=None encoding=utf-8 hint=None: 0.004267s
long-line size=2 newline='' encoding=utf-8 hint=None: 0.005108s
long-line size=2 newline='\n' encoding=utf-8 hint=None: 0.004276s
long-line size=2 newline='\r' encoding=utf-8 hint=None: 0.003763s
long-line size=2 newline='\r\n' encoding=utf-8 hint=None: 0.006205s
long-line size=2 newline=None encoding=iso2022_jp hint=None: 0.014298s
long-line size=2 newline='' encoding=iso2022_jp hint=None: 0.015952s
long-line size=2 newline='\n' encoding=iso2022_jp hint=None: 0.011954s
long-line size=2 newline='\r' encoding=iso2022_jp hint=None: 0.012161s
long-line size=2 newline='\r\n' encoding=iso2022_jp hint=None: 0.016172s
long-line size=4 newline=None encoding=utf-8 hint=None: 0.007535s
long-line size=4 newline='' encoding=utf-8 hint=None: 0.010727s
long-line size=4 newline='\n' encoding=utf-8 hint=None: 0.007564s
long-line size=4 newline='\r' encoding=utf-8 hint=None: 0.007397s
long-line size=4 newline='\r\n' encoding=utf-8 hint=None: 0.013347s
long-line size=4 newline=None encoding=iso2022_jp hint=None: 0.024891s
long-line size=4 newline='' encoding=iso2022_jp hint=None: 0.041103s
long-line size=4 newline='\n' encoding=iso2022_jp hint=None: 0.024446s
long-line size=4 newline='\r' encoding=iso2022_jp hint=None: 0.024067s
long-line size=4 newline='\r\n' encoding=iso2022_jp hint=None: 0.033229s
long-line size=8 newline=None encoding=utf-8 hint=None: 0.014981s
long-line size=8 newline='' encoding=utf-8 hint=None: 0.023214s
long-line size=8 newline='\n' encoding=utf-8 hint=None: 0.015098s
long-line size=8 newline='\r' encoding=utf-8 hint=None: 0.015513s
long-line size=8 newline='\r\n' encoding=utf-8 hint=None: 0.034545s
long-line size=8 newline=None encoding=iso2022_jp hint=None: 0.052022s
long-line size=8 newline='' encoding=iso2022_jp hint=None: 0.126302s
long-line size=8 newline='\n' encoding=iso2022_jp hint=None: 0.049633s
long-line size=8 newline='\r' encoding=iso2022_jp hint=None: 0.053449s
long-line size=8 newline='\r\n' encoding=iso2022_jp hint=None: 0.097381s
long-line size=16 newline=None encoding=utf-8 hint=None: 0.034254s
long-line size=16 newline='' encoding=utf-8 hint=None: 0.084656s
long-line size=16 newline='\n' encoding=utf-8 hint=None: 0.033834s
long-line size=16 newline='\r' encoding=utf-8 hint=None: 0.031264s
long-line size=16 newline='\r\n' encoding=utf-8 hint=None: 0.112335s
long-line size=16 newline=None encoding=iso2022_jp hint=None: 0.114641s
long-line size=16 newline='' encoding=iso2022_jp hint=None: 0.431703s
long-line size=16 newline='\n' encoding=iso2022_jp hint=None: 0.105670s
long-line size=16 newline='\r' encoding=iso2022_jp hint=None: 0.104158s
long-line size=16 newline='\r\n' encoding=iso2022_jp hint=None: 0.473290s
