small-hint size=2048 newline='\n' encoding=utf-8 hint=1: 0.015588s
small-hint size=2048 newline='\n' encoding=utf-8 hint=32: 0.001184s
small-hint size=2048 newline='\n' encoding=utf-8 hint=-1: 0.000083s
small-hint size=4096 newline='\n' encoding=utf-8 hint=1: 0.059709s
small-hint size=4096 newline='\n' encoding=utf-8 hint=32: 0.006513s
small-hint size=4096 newline='\n' encoding=utf-8 hint=-1: 0.000163s
small-hint size=8192 newline='\n' encoding=utf-8 hint=1: 0.237221s
small-hint size=8192 newline='\n' encoding=utf-8 hint=32: 0.016625s
small-hint size=8192 newline='\n' encoding=utf-8 hint=-1: 0.000208s
small-hint size=16384 newline='\n' encoding=utf-8 hint=1: 0.930605s
small-hint size=16384 newline='\n' encoding=utf-8 hint=32: 0.059931s
small-hint size=16384 newline='\n' encoding=utf-8 hint=-1: 0.000410s
small-hint size=32768 newline='\n' encoding=utf-8 hint=1: 3.796336s
small-hint size=32768 newline='\n' encoding=utf-8 hint=32: 0.236073s
small-hint size=32768 newline='\n' encoding=utf-8 hint=-1: 0.000770s
long-line size=1 newline=None encoding=utf-8 hint=None: 0.000257s
long-line size=1 newline='' encoding=utf-8 hint=None: 0.000351s
long-line size=1 newline='\n' encoding=utf-8 hint=None: 0.000350s
long-line size=1 newline='\r' encoding=utf-8 hint=None: 0.000230s
long-line size=1 newline='\r\n' encoding=utf-8 hint=None: 0.001205s
long-line size=1 newline=None encoding=iso2022_jp hint=None: 0.004471s
long-line size=1 newline='' encoding=iso2022_jp hint=None: 0.005717s
long-line size=1 newline='\n' encoding=iso2022_jp hint=None: 0.004181s
long-line size=1 newline='\r' encoding=iso2022_jp hint=None: 0.004070s
long-line size=1 newline='\r\n' encoding=iso2022_jp hint=None: 0.005431s
long-line size=2 newline=None encoding=utf-8 hint=None: 0.000410s
long-line size=2 newline='' encoding=utf-8 hint=None: 0.000868s
long-line size=2 newline='\n' encoding=utf-8 hint=None: 0.000362s
long-line size=2 newline='\r' encoding=utf-8 hint=None: 0.000374s
long-line size=2 newline='\r\n' encoding=utf-8 hint=None: 0.002840s
long-line size=2 newline=None encoding=iso2022_jp hint=None: 0.009077s
long-line size=2 newline='' encoding=iso2022_jp hint=None: 0.013598s
long-line size=2 newline='\n' encoding=iso2022_jp hint=None: 0.008739s
long-line size=2 newline='\r' encoding=iso2022_jp hint=None: 0.009266s
long-line size=2 newline='\r\n' encoding=iso2022_jp hint=None: 0.011022s
long-line size=4 newline=None encoding=utf-8 hint=None: 0.001454s
long-line size=4 newline='' encoding=utf-8 hint=None: 0.002689s
long-line size=4 newline='\n' encoding=utf-8 hint=None: 0.001357s
long-line size=4 newline='\r' encoding=utf-8 hint=None: 0.000737s
long-line size=4 newline='\r\n' encoding=utf-8 hint=None: 0.007884s
long-line size=4 newline=None encoding=iso2022_jp hint=None: 0.018781s
long-line size=4 newline='' encoding=iso2022_jp hint=None: 0.032853s
long-line size=4 newline='\n' encoding=iso2022_jp hint=None: 0.017115s
long-line size=4 newline='\r' encoding=iso2022_jp hint=None: 0.019207s
long-line size=4 newline='\r\n' encoding=iso2022_jp hint=None: 0.026059s
long-line size=8 newline=None encoding=utf-8 hint=None: 0.003434s
long-line size=8 newline='' encoding=utf-8 hint=None: 0.009843s
long-line size=8 newline='\n' encoding=utf-8 hint=None: 0.003883s
long-line size=8 newline='\r' encoding=utf-8 hint=None: 0.001651s
long-line size=8 newline='\r\n' encoding=utf-8 hint=None: 0.021052s
long-line size=8 newline=None encoding=iso2022_jp hint=None: 0.034577s
long-line size=8 newline='' encoding=iso2022_jp hint=None: 0.093500s
long-line size=8 newline='\n' encoding=iso2022_jp hint=None: 0.036271s
long-line size=8 newline='\r' encoding=iso2022_jp hint=None: 0.039212s
long-line size=8 newline='\r\n' encoding=iso2022_jp hint=None: 0.084544s
long-line size=16 newline=None encoding=utf-8 hint=None: 0.008183s
long-line size=16 newline='' encoding=utf-8 hint=None: 0.052448s
long-line size=16 newline='\n' encoding=utf-8 hint=None: 0.008305s
long-line size=16 newline='\r' encoding=utf-8 hint=None: 0.004645s
long-line size=16 newline='\r\n' encoding=utf-8 hint=None: 0.073210s
long-line size=16 newline=None encoding=iso2022_jp hint=None: 0.090135s
long-line size=16 newline='' encoding=iso2022_jp hint=None: 0.423212s
long-line size=16 newline='\n' encoding=iso2022_jp hint=None: 0.078310s
long-line size=16 newline='\r' encoding=iso2022_jp hint=None: 0.078294s
long-line size=16 newline='\r\n' encoding=iso2022_jp hint=None: 0.375292s
