============================= test session starts ==============================
platform linux -- Python 3.14.2, pytest-9.1.1, pluggy-1.6.0
rootdir: /home/geoff/Projects/personal/aiogzip
configfile: pyproject.toml
testpaths: tests
plugins: hypothesis-6.165.10, cov-7.1.0, asyncio-1.4.0
asyncio: mode=Mode.AUTO, debug=False, asyncio_default_fixture_loop_scope=None, asyncio_default_test_loop_scope=function
collected 2778 items

tests/integration/test_example_concurrent_jsonl_ingest.py .............. [  0%]
.........................                                                [  1%]
tests/integration/test_example_fragmented_transport.py ................  [  1%]
tests/test_aiocsv.py ..                                                  [  2%]
tests/test_append_mode.py .......                                        [  2%]
tests/test_b2_native_io.py ..........                                    [  2%]
tests/test_b2_open_ownership.py ................                         [  3%]
tests/test_b2_reproductions.py ...xxx..                                  [  3%]
tests/test_batched_readline.py ......................................... [  5%]
........................................................................ [  7%]
.....                                                                    [  7%]
tests/test_benchmark_runner.py ......................................... [  9%]
........................................................................ [ 11%]
.............                                                            [ 12%]
tests/test_binary_io.py .....................................            [ 13%]
tests/test_boolean_validation.py ....................................... [ 15%]
........................................................................ [ 17%]
........................................................................ [ 20%]
........................................................................ [ 22%]
........................................................................ [ 25%]
........................................................................ [ 28%]
...........                                                              [ 28%]
tests/test_cli.py .............                                          [ 28%]
tests/test_codec_async.py ....................                           [ 29%]
tests/test_codec_buffer.py ....................                          [ 30%]
tests/test_codec_decoder.py ............................................ [ 31%]
................................                                         [ 33%]
tests/test_codec_decoder_characterization.py ........................... [ 34%]
.........                                                                [ 34%]
tests/test_codec_decoder_regressions.py .........................        [ 35%]
tests/test_codec_encoder.py ..........................................   [ 36%]
tests/test_codec_engine_accounting.py ......................             [ 37%]
tests/test_codec_lifecycle.py .............................              [ 38%]
tests/test_codec_member_metadata_failures.py ........................... [ 39%]
.                                                                        [ 39%]
tests/test_codec_operation_typing.py ....                                [ 39%]
tests/test_codec_purity.py ....                                          [ 39%]
tests/test_compress_chunks.py .......................................... [ 41%]
........                                                                 [ 41%]
tests/test_convenience.py ........                                       [ 41%]
tests/test_coverage_gaps.py .......                                      [ 42%]
tests/test_doc_examples.py ............................................. [ 43%]
........................................................................ [ 46%]
...................................................................      [ 48%]
tests/test_edge_cases_and_errors.py .................................... [ 50%]
.........................................                                [ 51%]
tests/test_engine.py .................................                   [ 52%]
tests/test_factory_api.py ..................................             [ 54%]
tests/test_factory_typing.py .                                           [ 54%]
tests/test_fast_compress.py ..........                                   [ 54%]
tests/test_file_lifecycle.py ........................................... [ 55%]
...............................                                          [ 57%]
tests/test_file_mtime.py ...........................                     [ 58%]
tests/test_file_state_comparison.py .                                    [ 58%]
tests/test_file_state_matrix.py ........................................ [ 59%]
.......                                                                  [ 59%]
tests/test_file_state_trace.py ..                                        [ 59%]
tests/test_fileobj.py .........................                          [ 60%]
tests/test_gzip_header_parser.py ....................................... [ 62%]
...s                                                                     [ 62%]
tests/test_hypothesis_parity.py ........                                 [ 62%]
tests/test_inspection.py ............................................... [ 64%]
................                                                         [ 64%]
tests/test_installed_artifact.py .....                                   [ 65%]
tests/test_interop.py .......                                            [ 65%]
tests/test_modes_and_api.py ............................................ [ 66%]
..........                                                               [ 67%]
tests/test_native_work_settlement.py ........................            [ 68%]
tests/test_newline_detection.py ........................................ [ 69%]
.....................................................................    [ 72%]
tests/test_open_qualification.py ....................................... [ 73%]
.....................................                                    [ 74%]
tests/test_open_settlement.py ..................................         [ 75%]
tests/test_open_trace.py ..                                              [ 76%]
tests/test_performance.py .....                                          [ 76%]
tests/test_protocols_and_paths.py ................                       [ 76%]
tests/test_public_api_contract.py ........                               [ 77%]
tests/test_public_api_typing.py ....                                     [ 77%]
tests/test_public_exports.py ....                                        [ 77%]
tests/test_readinto.py ................................................. [ 79%]
........................................................................ [ 81%]
.............................                                            [ 82%]
tests/test_readline_longline.py ...................................      [ 84%]
tests/test_regressions.py .............................................. [ 85%]
........................................                                 [ 87%]
tests/test_review_gaps.py ............                                   [ 87%]
tests/test_seek_plain_fast.py .........                                  [ 87%]
tests/test_source_failure_trace.py ..                                    [ 87%]
tests/test_source_read_settlement.py ................................... [ 89%]
........................................................................ [ 91%]
......................                                                   [ 92%]
tests/test_streaming.py ................................................ [ 94%]
.........................                                                [ 95%]
tests/test_streaming_encoder.py ........................................ [ 96%]
.........                                                                [ 97%]
tests/test_text_coverage.py ........................                     [ 97%]
tests/test_text_io.py .................................................. [ 99%]
.                                                                        [ 99%]
tests/test_text_position_properties.py ...                               [ 99%]
tests/test_version_sync.py .....                                         [100%]

================= 2774 passed, 1 skipped, 3 xfailed in 21.15s ==================
