============================= test session starts ==============================
platform linux -- Python 3.14.2, pytest-9.1.1, pluggy-1.6.0
rootdir: /home/geoff/Projects/personal/aiogzip
configfile: pyproject.toml
testpaths: tests
plugins: hypothesis-6.165.10, cov-7.1.0, asyncio-1.4.0
asyncio: mode=Mode.AUTO, debug=False, asyncio_default_fixture_loop_scope=None, asyncio_default_test_loop_scope=function
collected 2698 items

tests/integration/test_example_concurrent_jsonl_ingest.py .............. [  0%]
.........................                                                [  1%]
tests/integration/test_example_fragmented_transport.py ................  [  2%]
tests/test_aiocsv.py ..                                                  [  2%]
tests/test_append_mode.py .......                                        [  2%]
tests/test_b2_native_io.py ..........                                    [  2%]
tests/test_b2_open_ownership.py ................                         [  3%]
tests/test_b2_reproductions.py ...xxx..                                  [  3%]
tests/test_batched_readline.py ......................................... [  5%]
........................................................................ [  7%]
.....                                                                    [  8%]
tests/test_benchmark_runner.py ......................................... [  9%]
........................................................................ [ 12%]
.............                                                            [ 12%]
tests/test_binary_io.py .....................................            [ 14%]
tests/test_boolean_validation.py ....................................... [ 15%]
........................................................................ [ 18%]
........................................................................ [ 20%]
........................................................................ [ 23%]
........................................................................ [ 26%]
........................................................................ [ 28%]
...........                                                              [ 29%]
tests/test_cli.py .............                                          [ 29%]
tests/test_codec_async.py ....................                           [ 30%]
tests/test_codec_buffer.py ....................                          [ 31%]
tests/test_codec_decoder.py ............................................ [ 32%]
................................                                         [ 34%]
tests/test_codec_decoder_characterization.py ........................... [ 35%]
.........                                                                [ 35%]
tests/test_codec_decoder_regressions.py .........................        [ 36%]
tests/test_codec_encoder.py ..........................................   [ 37%]
tests/test_codec_engine_accounting.py ......................             [ 38%]
tests/test_codec_lifecycle.py .............................              [ 39%]
tests/test_codec_member_metadata_failures.py ........................... [ 40%]
.                                                                        [ 40%]
tests/test_codec_operation_typing.py ....                                [ 40%]
tests/test_codec_purity.py ....                                          [ 41%]
tests/test_compress_chunks.py .......................................... [ 42%]
........                                                                 [ 42%]
tests/test_convenience.py ........                                       [ 43%]
tests/test_coverage_gaps.py .......                                      [ 43%]
tests/test_doc_examples.py ............................................. [ 45%]
........................................................................ [ 47%]
...................................................................      [ 50%]
tests/test_edge_cases_and_errors.py .................................... [ 51%]
.........................................                                [ 53%]
tests/test_engine.py .................................                   [ 54%]
tests/test_factory_api.py ..................................             [ 55%]
tests/test_factory_typing.py .                                           [ 55%]
tests/test_fast_compress.py ..........                                   [ 56%]
tests/test_file_lifecycle.py ........................................... [ 57%]
...............................                                          [ 58%]
tests/test_file_mtime.py ...........................                     [ 59%]
tests/test_file_state_comparison.py .                                    [ 59%]
tests/test_file_state_matrix.py ........................................ [ 61%]
.......                                                                  [ 61%]
tests/test_file_state_trace.py ..                                        [ 61%]
tests/test_fileobj.py .........................                          [ 62%]
tests/test_gzip_header_parser.py ....................................... [ 64%]
...s                                                                     [ 64%]
tests/test_hypothesis_parity.py ........                                 [ 64%]
tests/test_inspection.py ............................................... [ 66%]
................                                                         [ 66%]
tests/test_installed_artifact.py .....                                   [ 66%]
tests/test_interop.py .......                                            [ 67%]
tests/test_modes_and_api.py ............................................ [ 68%]
..........                                                               [ 69%]
tests/test_native_work_settlement.py ........................            [ 70%]
tests/test_newline_detection.py ........................................ [ 71%]
.....................................................................    [ 74%]
tests/test_open_settlement.py ................................           [ 75%]
tests/test_performance.py .....                                          [ 75%]
tests/test_protocols_and_paths.py ................                       [ 76%]
tests/test_public_api_contract.py ........                               [ 76%]
tests/test_public_api_typing.py ....                                     [ 76%]
tests/test_public_exports.py ....                                        [ 76%]
tests/test_readinto.py ................................................. [ 78%]
........................................................................ [ 81%]
.............................                                            [ 82%]
tests/test_readline_longline.py ...................................      [ 83%]
tests/test_regressions.py .............................................. [ 85%]
........................................                                 [ 86%]
tests/test_review_gaps.py ............                                   [ 87%]
tests/test_seek_plain_fast.py .........                                  [ 87%]
tests/test_source_failure_trace.py ..                                    [ 87%]
tests/test_source_read_settlement.py ................................... [ 88%]
........................................................................ [ 91%]
......................                                                   [ 92%]
tests/test_streaming.py ................................................ [ 94%]
.........................                                                [ 95%]
tests/test_streaming_encoder.py ........................................ [ 96%]
.........                                                                [ 96%]
tests/test_text_coverage.py ........................                     [ 97%]
tests/test_text_io.py .................................................. [ 99%]
.                                                                        [ 99%]
tests/test_text_position_properties.py ...                               [ 99%]
tests/test_version_sync.py .....                                         [100%]

================= 2694 passed, 1 skipped, 3 xfailed in 25.13s ==================
