........................................................................ [  2%]
x.xxxxxxxx.........xxxxx................................................ [  5%]
........................................................................ [  8%]
........................................................................ [ 11%]
........................................................................ [ 14%]
........................................................................ [ 17%]
........................................................................ [ 19%]
........................................................................ [ 22%]
........................................................................ [ 25%]
........................................................................ [ 28%]
........................................................................ [ 31%]
........................................................................ [ 34%]
........................................................................ [ 36%]
........................................................................ [ 39%]
........................................................................ [ 42%]
........................................................................ [ 45%]
........................................................................ [ 48%]
........................................................................ [ 51%]
........................................................................ [ 53%]
........................................................................ [ 56%]
........................................................................ [ 59%]
........................................................................ [ 62%]
........................................................................ [ 65%]
........................................................................ [ 68%]
..s..................................................................... [ 71%]
........................................................................ [ 73%]
........................................................................ [ 76%]
........................................................................ [ 79%]
........................................................................ [ 82%]
........................................................................ [ 85%]
........................................................................ [ 88%]
........................................................................ [ 90%]
........................................................................ [ 93%]
........................................................................ [ 96%]
........................................................................ [ 99%]
..............                                                           [100%]
================================ tests coverage ================================
_______________ coverage: platform linux, python 3.14.2-final-0 ________________

Name                           Stmts   Miss Branch BrPart   Cover   Missing
---------------------------------------------------------------------------
src/aiogzip/__init__.py           59      0     22     12  85.19%   128->148, 128->exit, 149->166, 149->exit, 167->174, 167->exit, 212->232, 212->exit, 233->250, 233->exit, 251->258, 251->exit
src/aiogzip/__main__.py           43      1     14      1  96.49%   22
src/aiogzip/_binary.py          1056     64    462     59  91.77%   107, 121, 447, 454-455, 525, 531, 533->545, 585, 641, 650->652, 660, 663, 667->669, 670, 769, 797, 803, 806, 851, 883, 897, 931, 935, 940-944, 960, 1004, 1006, 1008, 1010, 1020-1023, 1028->1030, 1035-1036, 1089, 1158, 1309, 1314, 1324, 1329-1330, 1448, 1450->1453, 1460, 1462->exit, 1544, 1548, 1560, 1573->1575, 1590, 1598, 1611, 1663, 1668->exit, 1670->exit, 1694, 1702->exit, 1715->1723, 1739-1746, 1775, 1781->1783, 1798->exit, 1805, 1818->1823, 1829->exit, 1831->exit
src/aiogzip/_codec_async.py       95      1     18      1  98.23%   55->57, 152
src/aiogzip/_codec_buffer.py     202      5     82      7  95.77%   28, 57->exit, 98, 100, 115, 119, 240->exit
src/aiogzip/_common.py           171      1    104      8  96.73%   197, 294->exit, 301->exit, 308->309, 308->exit, 309->310, 309->exit, 310->exit
src/aiogzip/_engine.py           107     12     58      8  85.45%   81, 85, 92, 99-101, 104, 107-109, 156, 177
src/aiogzip/_gzip_header.py      208      1     88      1  99.32%   57
src/aiogzip/_inspection.py        61      7     10      3  85.92%   74-75, 77, 81->67, 90, 109-111
src/aiogzip/_metadata.py          10      0      0      0 100.00%
src/aiogzip/_streaming.py        102      5     42      5  91.67%   88->66, 127-131, 147->152, 162->152, 187->exit
src/aiogzip/_text.py            1081     78    436     47  90.57%   399-400, 420-421, 495, 506, 541-543, 548, 560-562, 579-581, 592->exit, 615->exit, 622, 666, 673, 769, 773-774, 794, 831, 863-868, 890, 915, 921->924, 927, 967, 1008-1012, 1014, 1028, 1047-1048, 1076, 1111-1113, 1147, 1167-1168, 1238->1241, 1243, 1254-1255, 1259-1260, 1322-1323, 1335, 1509, 1550, 1552, 1743, 1753, 1757, 1958, 1970->1972, 1975-1978, 1983-1985, 2016->exit, 2021-2023, 2062->exit, 2081-2085, 2088->exit
src/aiogzip/codec.py             458      4    130      5  98.47%   62, 68->exit, 166, 185, 215->exit, 219->exit, 583
---------------------------------------------------------------------------
TOTAL                           3653    179   1466    157  92.93%
Coverage JSON written to file /tmp/aiogzip-wp1-coverage.json
2519 passed, 1 skipped, 14 xfailed in 24.56s
